[mypimarket.com/index.html]
[backblue.gif]
[fade.gif]
[index.html]
[mypimarket.com/cssjs/mystylec645.css]
[mypimarket.com/cssjs/shoelace/shoelace.js]
[mypimarket.com/cssjs/shoelace/themes/light.css]
[mypimarket.com/cssjs/w3.css]
[mypimarket.com/js/routes76ee.js]
[mypimarket.com/cssjs/home023e.css]
[mypimarket.com/cssjs/mobile3654.css]
[mypimarket.com/asset/logob44f.png]
[mypimarket.com/login.html]
[mypimarket.com/help.html]
[mypimarket.com/cart.html]
[mypimarket.com/asset/logod4f9.png]
[mypimarket.com/pagee755.html]
[mypimarket.com/page40f3.html]
[mypimarket.com/page0b42.html]
[mypimarket.com/pageb0ae.html]
[mypimarket.com/pagef6da.html]
[mypimarket.com/page93de.html]
[mypimarket.com/page83c8.html]
[mypimarket.com/pagea0cb.html]
[mypimarket.com/paged48c.html]
[mypimarket.com/page3b48.html]
[mypimarket.com/pagee730.html]
[mypimarket.com/page9eb5.html]
[mypimarket.com/page1f09.html]
[mypimarket.com/asset/vecteezy_online-shopping-background-vector-design_8601839.jpg]
[mypimarket.com/asset/Artboard_1.png]
[mypimarket.com/asset/Starlink_No_6_KV.jpg_B16M5tE4R.webp]
[mypimarket.com/asset/Computing.jpg]
[mypimarket.com/asset/Gaming.jpg]
[mypimarket.com/asset/Phones.jpg]
[mypimarket.com/page852b.html]
[mypimarket.com/asset/Artboard_1_copy_5.png]
[mypimarket.com/pagee952.html]
[mypimarket.com/asset/Artboard_1_copy_7.png]
[mypimarket.com/asset/appliances.png]
[mypimarket.com/page81fc.html]
[mypimarket.com/asset/applecorrected.png_SkLDS1IUa.webp]
[mypimarket.com/asset/Frame 7725.png_Hyc-qU6ba.webp]
[mypimarket.com/asset/Frame 7730.png_SJN_jUTZa.webp]
[mypimarket.com/asset/Frame 7732.png_B1AxVPaZp.webp]
[mypimarket.com/asset/Frame 7737.png_HJz_qj4ET.webp]
[mypimarket.com/asset/starlink (1).png_H1mlPO5gR.webp]
[mypimarket.com/asset/banner1.png]
[mypimarket.com/Product/viewPhoneProduct]
[mypimarket.com/paged1f5.html]
[mypimarket.com/Product/viewProduct]
[mypimarket.com/asset/pi.png]
[mypimarket.com/index.html]
[mypimarket.com/cssjs/mystylec645.css]
[mypimarket.com/cssjs/shoelace/themes/light.css]
[mypimarket.com/cssjs/w3.css]
[mypimarket.com/cssjs/home023e.css]
[mypimarket.com/cssjs/mobile3654.css]
[mypimarket.com/cssjs/mystylebe1e.css]
[mypimarket.com/js/routesb32b.js]
[mypimarket.com/cssjs/homea4b5.css]
[mypimarket.com/cssjs/mobile49d2.css]
[mypimarket.com/asset/logo9bf1.png]
[mypimarket.com/asset/logo4686.png]
[mypimarket.com/reset.html]
[mypimarket.com/login.html]
[mypimarket.com/signup.html]
[mypimarket.com/cssjs/mystyleac0d.css]
[mypimarket.com/js/routes7521.js]
[mypimarket.com/cssjs/homed9a4.css]
[mypimarket.com/cssjs/mobile7415.css]
[mypimarket.com/asset/logob706.png]
[mypimarket.com/asset/logocd33.png]
[mypimarket.com/help.html]
[mypimarket.com/cssjs/mystylef38e.css]
[mypimarket.com/js/routesed83.js]
[mypimarket.com/cssjs/home76e5.css]
[mypimarket.com/cssjs/mobile880c.css]
[mypimarket.com/asset/logo8384.png]
[mypimarket.com/asset/logo8d43.png]
[mypimarket.com/cart.html]
[mypimarket.com/cssjs/mystyle9dfa.css]
[mypimarket.com/js/routes094e.js]
[mypimarket.com/cssjs/home3467.css]
[mypimarket.com/cssjs/mobile4b55.css]
[mypimarket.com/asset/logo2bcf.png]
[mypimarket.com/asset/logod46b.png]
[mypimarket.com/pagee755.html]
[mypimarket.com/cssjs/mystyle579f.css]
[mypimarket.com/js/routes9c48.js]
[mypimarket.com/cssjs/home6f4f.css]
[mypimarket.com/cssjs/mobile0462.css]
[mypimarket.com/asset/logo2f57.png]
[mypimarket.com/asset/logobd42.png]
[mypimarket.com/page40f3.html]
[mypimarket.com/cssjs/mystyle0312.css]
[mypimarket.com/js/routes8242.js]
[mypimarket.com/cssjs/homea5c8.css]
[mypimarket.com/cssjs/mobilea39f.css]
[mypimarket.com/asset/logo48c5.png]
[mypimarket.com/asset/logoeb01.png]
[mypimarket.com/page0b42.html]
[mypimarket.com/cssjs/mystylea32c.css]
[mypimarket.com/js/routese2fa.js]
[mypimarket.com/cssjs/homecce1.css]
[mypimarket.com/cssjs/mobile17bb.css]
[mypimarket.com/asset/logo9d29.png]
[mypimarket.com/asset/logo3855.png]
[mypimarket.com/pageb0ae.html]
[mypimarket.com/cssjs/mystyle39d8.css]
[mypimarket.com/js/routes5f6f.js]
[mypimarket.com/cssjs/home4fbd.css]
[mypimarket.com/cssjs/mobile9882.css]
[mypimarket.com/asset/logo792f.png]
[mypimarket.com/asset/logoba1f.png]
[mypimarket.com/pagef6da.html]
[mypimarket.com/cssjs/mystyle2752.css]
[mypimarket.com/js/routes0f56.js]
[mypimarket.com/cssjs/homebfb4.css]
[mypimarket.com/cssjs/mobile342a.css]
[mypimarket.com/asset/logo0b23.png]
[mypimarket.com/asset/logode66.png]
[mypimarket.com/page93de.html]
[mypimarket.com/cssjs/mystyle1576.css]
[mypimarket.com/js/routesb24e.js]
[mypimarket.com/cssjs/homeca0c.css]
[mypimarket.com/cssjs/mobile454c.css]
[mypimarket.com/asset/logo2da3.png]
[mypimarket.com/asset/logo962d.png]
[mypimarket.com/page83c8.html]
[mypimarket.com/cssjs/mystylede3a.css]
[mypimarket.com/js/routes6346.js]
[mypimarket.com/cssjs/home304b.css]
[mypimarket.com/cssjs/mobile769c.css]
[mypimarket.com/asset/logo6d7f.png]
[mypimarket.com/asset/logoc424.png]
[mypimarket.com/pagea0cb.html]
[mypimarket.com/cssjs/mystylee822.css]
[mypimarket.com/js/routes080a.js]
[mypimarket.com/cssjs/homece60.css]
[mypimarket.com/cssjs/mobilef607.css]
[mypimarket.com/asset/logo68f2.png]
[mypimarket.com/asset/logo8579.png]
[mypimarket.com/paged48c.html]
[mypimarket.com/cssjs/mystyle5d5a.css]
[mypimarket.com/js/routes8ef7.js]
[mypimarket.com/cssjs/home4201.css]
[mypimarket.com/cssjs/mobile38e0.css]
[mypimarket.com/asset/logo0a4d.png]
[mypimarket.com/asset/logod8e1.png]
[mypimarket.com/page3b48.html]
[mypimarket.com/cssjs/mystyle18a7.css]
[mypimarket.com/js/routes22a8.js]
[mypimarket.com/cssjs/homec027.css]
[mypimarket.com/cssjs/mobile783a.css]
[mypimarket.com/asset/logoa9b7.png]
[mypimarket.com/asset/logoc351.png]
[mypimarket.com/pagee730.html]
[mypimarket.com/cssjs/mystyle82ed.css]
[mypimarket.com/js/routesc5dd.js]
[mypimarket.com/cssjs/homefb27.css]
[mypimarket.com/cssjs/mobiledce5.css]
[mypimarket.com/asset/logod853.png]
[mypimarket.com/asset/logoa2e2.png]
[mypimarket.com/page9eb5.html]
[mypimarket.com/cssjs/mystyle62a4.css]
[mypimarket.com/js/routese4fe.js]
[mypimarket.com/cssjs/homedc18.css]
[mypimarket.com/cssjs/mobile96a0.css]
[mypimarket.com/asset/logoa7bb.png]
[mypimarket.com/asset/logofa31.png]
[mypimarket.com/page1f09.html]
[mypimarket.com/cssjs/mystyle049d.css]
[mypimarket.com/js/routesf190.js]
[mypimarket.com/cssjs/home970e.css]
[mypimarket.com/cssjs/mobile67b6.css]
[mypimarket.com/asset/logo8c6f.png]
[mypimarket.com/asset/logof7eb.png]
[mypimarket.com/page852b.html]
[mypimarket.com/cssjs/mystyle38fc.css]
[mypimarket.com/js/routes990a.js]
[mypimarket.com/cssjs/home22dd.css]
[mypimarket.com/cssjs/mobile74a8.css]
[mypimarket.com/asset/logoaaac.png]
[mypimarket.com/asset/logobcca.png]
[mypimarket.com/pagee952.html]
[mypimarket.com/cssjs/mystyle3283.css]
[mypimarket.com/js/routes36ef.js]
[mypimarket.com/cssjs/homeada1.css]
[mypimarket.com/cssjs/mobile24ae.css]
[mypimarket.com/asset/logoad04.png]
[mypimarket.com/asset/logo3ca6.png]
[mypimarket.com/page81fc.html]
[mypimarket.com/Product/viewPhoneProduct.html]
[mypimarket.com/cssjs/mystylee184.css]
[mypimarket.com/js/routes58e2.js]
[mypimarket.com/cssjs/home0a04.css]
[mypimarket.com/cssjs/mobilef79c.css]
[mypimarket.com/asset/logo1e8e.png]
[mypimarket.com/asset/logo03d9.png]
[mypimarket.com/paged1f5.html]
[mypimarket.com/Product/viewProduct.html]
[mypimarket.com/support@mypimarket.html]
[mypimarket.com/cssjs/mystylebe1e.css]
[mypimarket.com/cssjs/homea4b5.css]
[mypimarket.com/cssjs/mobile49d2.css]
[mypimarket.com/cssjs/mystyle43af.css]
[mypimarket.com/js/routes63f6.js]
[mypimarket.com/cssjs/home4c0a.css]
[mypimarket.com/cssjs/mobile88b4.css]
[mypimarket.com/asset/logoc167.png]
[mypimarket.com/asset/logo91c0.png]
[mypimarket.com/reset.html]
[mypimarket.com/cssjs/mystyle4ef3.css]
[mypimarket.com/js/routesc2d2.js]
[mypimarket.com/cssjs/home4a18.css]
[mypimarket.com/cssjs/mobilea524.css]
[mypimarket.com/asset/logo21d5.png]
[mypimarket.com/asset/logoa0cd.png]
[mypimarket.com/signup.html]
[mypimarket.com/cssjs/mystyleac0d.css]
[mypimarket.com/cssjs/homed9a4.css]
[mypimarket.com/cssjs/mobile7415.css]
[mypimarket.com/cssjs/mystylef38e.css]
[mypimarket.com/cssjs/home76e5.css]
[mypimarket.com/cssjs/mobile880c.css]
[mypimarket.com/cssjs/mystyle9dfa.css]
[mypimarket.com/cssjs/home3467.css]
[mypimarket.com/cssjs/mobile4b55.css]
[mypimarket.com/cssjs/mystyle579f.css]
[mypimarket.com/cssjs/home6f4f.css]
[mypimarket.com/cssjs/mobile0462.css]
[mypimarket.com/cssjs/mystyle0312.css]
[mypimarket.com/cssjs/homea5c8.css]
[mypimarket.com/cssjs/mobilea39f.css]
[mypimarket.com/cssjs/mystylea32c.css]
[mypimarket.com/cssjs/homecce1.css]
[mypimarket.com/cssjs/mobile17bb.css]
[mypimarket.com/cssjs/mystyle39d8.css]
[mypimarket.com/cssjs/home4fbd.css]
[mypimarket.com/cssjs/mobile9882.css]
[mypimarket.com/cssjs/mystyle2752.css]
[mypimarket.com/cssjs/homebfb4.css]
[mypimarket.com/cssjs/mobile342a.css]
[mypimarket.com/cssjs/mystyle1576.css]
[mypimarket.com/cssjs/homeca0c.css]
[mypimarket.com/cssjs/mobile454c.css]
[mypimarket.com/cssjs/mystylede3a.css]
[mypimarket.com/cssjs/home304b.css]
[mypimarket.com/cssjs/mobile769c.css]
[mypimarket.com/cssjs/mystylee822.css]
[mypimarket.com/cssjs/homece60.css]
[mypimarket.com/cssjs/mobilef607.css]
[mypimarket.com/cssjs/mystyle5d5a.css]
[mypimarket.com/cssjs/home4201.css]
[mypimarket.com/cssjs/mobile38e0.css]
[mypimarket.com/cssjs/mystyle18a7.css]
[mypimarket.com/cssjs/homec027.css]
[mypimarket.com/cssjs/mobile783a.css]
[mypimarket.com/cssjs/mystyle82ed.css]
[mypimarket.com/cssjs/homefb27.css]
[mypimarket.com/cssjs/mobiledce5.css]
[mypimarket.com/cssjs/mystyle62a4.css]
[mypimarket.com/cssjs/homedc18.css]
[mypimarket.com/cssjs/mobile96a0.css]
[mypimarket.com/cssjs/mystyle049d.css]
[mypimarket.com/cssjs/home970e.css]
[mypimarket.com/cssjs/mobile67b6.css]
[mypimarket.com/cssjs/mystyle38fc.css]
[mypimarket.com/cssjs/home22dd.css]
[mypimarket.com/cssjs/mobile74a8.css]
[mypimarket.com/cssjs/mystyle3283.css]
[mypimarket.com/cssjs/homeada1.css]
[mypimarket.com/cssjs/mobile24ae.css]
[mypimarket.com/cssjs/mystylee184.css]
[mypimarket.com/cssjs/home0a04.css]
[mypimarket.com/cssjs/mobilef79c.css]
[mypimarket.com/cssjs/mystyle43af.css]
[mypimarket.com/cssjs/home4c0a.css]
[mypimarket.com/cssjs/mobile88b4.css]
[mypimarket.com/cssjs/mystyle4ef3.css]
[mypimarket.com/cssjs/home4a18.css]
[mypimarket.com/cssjs/mobilea524.css]
